Program [Decl "B" (ELam (Var "x") (ELam (Var "y") (ELam (Var "z") (EApp (EVar (Var "x")) (EApp (EVar (Var "y")) (EVar (Var "z"))))))),Decl "C" (ELam (Var "x") (ELam (Var "y") (ELam (Var "z") (EApp (EApp (EVar (Var "x")) (EVar (Var "z"))) (EVar (Var "y")))))),Decl "W" (ELam (Var "x") (ELam (Var "y") (EApp (EApp (EVar (Var "x")) (EVar (Var "y"))) (EVar (Var "y")))))]