Program [Decl "ap" (ELam (Var "x") (ELam (Var "f") (EApp (EVar (Var "f")) (EApp (EVar (Var "f")) (EVar (Var "x")))))),Decl "on" (ELam (Var "f") (ELam (Var "g") (ELam (Var "x") (ELam (Var "y") (EApp (EApp (EVar (Var "g")) (EApp (EVar (Var "f")) (EVar (Var "x")))) (EApp (EVar (Var "f")) (EVar (Var "y")))))))),Decl "twice" (ELam (Var "x") (ELam (Var "f") (EApp (EVar (Var "f")) (EApp (EVar (Var "f")) (EVar (Var "x"))))))]