Program [Decl "nil" (ELam (Var "x") (EVar (Var "x"))),Decl "cons" (ELam (Var "x") (ELam (Var "y") (EApp (EApp (EVar (Var "pair")) (EVar (Var "F"))) (EApp (EApp (EVar (Var "pair")) (EVar (Var "x"))) (EVar (Var "y")))))),Decl "null" (ELam (Var "z") (EApp (EVar (Var "z")) (EVar (Var "T")))),Decl "head" (ELam (Var "z") (EApp (EVar (Var "fst")) (EApp (EVar (Var "snd")) (EVar (Var "z"))))),Decl "tail" (ELam (Var "z") (EApp (EVar (Var "snd")) (EApp (EVar (Var "snd")) (EVar (Var "z"))))),Decl "indx" (ELam (Var "xs") (ELam (Var "n") (EApp (EVar (Var "head")) (EApp (EApp (EVar (Var "n")) (EVar (Var "tail"))) (EVar (Var "xs"))))))]