Program [Decl "j" (ELam (Var {unVar = "x"}) (EFix (EApp (EVar (Var {unVar = "x"})) (ELit (LInt 0))))),Decl "h" (ELam (Var {unVar = "x"}) (EIf (EVar (Var {unVar = "x"})) (EOp Add (EVar (Var {unVar = "x"})) (ELit (LInt 1))) (ELit (LInt 1)))),Decl "g" (ELam (Var {unVar = "x"}) (EIf (EVar (Var {unVar = "x"})) (ELit (LInt 1)) (EOp Add (EVar (Var {unVar = "x"})) (ELit (LInt 1))))),Decl "f" (ELam (Var {unVar = "x"}) (EIf (EVar (Var {unVar = "x"})) (EVar (Var {unVar = "x"})) (EOp Add (EVar (Var {unVar = "x"})) (ELit (LInt 1)))))]