Program [Decl "Mu" (ELam (Var "f") (EApp (EVar (Var "f")) (EFix (EVar (Var "f"))))),Decl "skk" (EApp (EApp (EVar (Var "S")) (EVar (Var "K"))) (EVar (Var "K"))),Decl "S" (ELam (Var "x") (ELam (Var "g") (ELam (Var "f") (EApp (EApp (EVar (Var "f")) (EVar (Var "x"))) (EApp (EVar (Var "g")) (EVar (Var "x"))))))),Decl "K" (ELam (Var "y") (ELam (Var "x") (EVar (Var "x")))),Decl "I" (ELam (Var "x") (EVar (Var "x")))]