Program [Decl "I" (ELam (Var "x") (EVar (Var "x"))),Decl "K" (ELam (Var "x") (ELam (Var "y") (EVar (Var "x")))),Decl "S" (ELam (Var "f") (ELam (Var "g") (ELam (Var "x") (EApp (EApp (EVar (Var "f")) (EVar (Var "x"))) (EApp (EVar (Var "g")) (EVar (Var "x"))))))),Decl "skk" (EApp (EApp (EVar (Var "S")) (EVar (Var "K"))) (EVar (Var "K"))),Decl "Mu" (ELam (Var "f") (EApp (EVar (Var "f")) (EFix (EVar (Var "f")))))]